// Jest Snapshot v1, https://goo.gl/fbAQLP

exports[`RenderPage renders the page unchanged 1`] = `
<div>
  <div
    class="container"
  >
    <div
      class="mainContent"
    >
      <div
        class="flexTagsMain"
      />
      <div
        style="display: flex; justify-content: center;"
      >
        <span
          style="box-sizing: border-box; display: inline-block; overflow: hidden; background: none; opacity: 1; border: 0px; margin: 0px; padding: 0px; position: relative; max-width: 100%;"
        >
          <span
            style="box-sizing: border-box; display: block; background: none; opacity: 1; border: 0px; margin: 0px; padding: 0px; max-width: 100%;"
          >
            <img
              alt=""
              aria-hidden="true"
              src="data:image/svg+xml,%3csvg%20xmlns=%27http://www.w3.org/2000/svg%27%20version=%271.1%27%20width=%27300%27%20height=%27300%27/%3e"
              style="display: block; max-width: 100%; background: none; opacity: 1; border: 0px; margin: 0px; padding: 0px;"
            />
          </span>
          <img
            alt=""
            data-nimg="intrinsic"
            decoding="async"
            src="data:image/gif;base64,R0lGODlhAQABAIAAAAAAAP///yH5BAEAAAAALAAAAAABAAEAAAIBRAA7"
            style="position: absolute; top: 0px; left: 0px; bottom: 0px; right: 0px; box-sizing: border-box; padding: 0px; margin: auto; display: block; width: 0px; height: 0px; min-width: 100%; max-width: 100%; min-height: 100%; max-height: 100%; object-fit: contain;"
          />
          <noscript />
        </span>
      </div>
      <a
        href="#Heading 1"
        id="Heading 1"
      >
        <h4>
          Heading 1
        </h4>
      </a>
      <a
        href="#Heading 2"
        id="Heading 2"
      >
        <h5>
          Heading 2
        </h5>
      </a>
      <a
        href="#Heading 3"
        id="Heading 3"
      >
        <h6>
          Heading 3
        </h6>
      </a>
      <p>
        Paragraph
      </p>
      <p>
        <b>
          bold
        </b>
      </p>
      <p>
        <i>
          italic
        </i>
      </p>
      <p>
        <u>
          Underline
        </u>
      </p>
      <p>
        <s>
          Strike
        </s>
      </p>
      <p>
        <a
          href="https://github.com/otoyo/easy-notion-blog"
        >
          link
        </a>
      </p>
      <p>
        <code>
          code
        </code>
      </p>
      <p />
      <ul>
        <li>
          Bulleted List
        </li>
        <li>
          Uni
        </li>
        <li>
          Tako
          <ul>
            <li>
              aaa
            </li>
            <li>
              bbb
            </li>
          </ul>
        </li>
      </ul>
      <p />
      <ol>
        <li>
          Numbered List
        </li>
        <li>
          Kani
        </li>
        <li>
          Ika
          <ol
            type="a"
          >
            <li>
              111
            </li>
            <li>
              222
            </li>
          </ol>
        </li>
      </ol>
      <p />
      <p>
        Divider
      </p>
      <hr
        class="divider"
      />
      <p />
      <div
        class="callout"
      >
        <div>
          ℹ️
        </div>
        <div>
          Callout
        </div>
      </div>
      <p />
      <p />
      <blockquote>
        Quote Block
      </blockquote>
      <p />
      <div
        class="table"
      >
        <table>
          <tbody>
            <tr>
              <th>
                Simple
              </th>
              <th>
                Table
              </th>
            </tr>
            <tr>
              <td>
                1
              </td>
              <td>
                Tako
              </td>
            </tr>
            <tr>
              <td>
                2
              </td>
              <td>
                Ika
              </td>
            </tr>
            <tr>
              <td>
                3
              </td>
              <td>
                Uni
              </td>
            </tr>
          </tbody>
        </table>
      </div>
      <p />
      <figure
        class="image"
      >
        <div>
          <img
            alt="画像が読み込まれない場合はページを更新してみてください。"
            src="https://s3.us-west-2.amazonaws.com/secure.notion-static.com/5d04be89-54da-482a-9391-efd465f74082/profile.png"
          />
        </div>
        <figcaption
          class="caption"
        >
          This is image caption.
        </figcaption>
      </figure>
      <div
        class="pcode"
      >
        <iframe
          height="100%"
          scrolling="no"
          src="https://p5-blog.vercel.app/%E3%83%89%E3%83%83%E3%83%88/index.html"
          width="100%"
        />
      </div>
    </div>
    <div
      class="subContent"
    >
      <div
        class="blogTagLink"
      >
        <h3>
          Category List
        </h3>
        <hr />
        <div
          class="noContents"
        >
          There are no contents yet
        </div>
      </div>
      <div
        class="blogTagLink"
      >
        <h3>
          Tag List
        </h3>
        <hr />
        <div
          class="noContents"
        >
          There are no contents yet
        </div>
      </div>
      <h3>
        Prolile
      </h3>
      <hr />
      <div
        class="flexWraper"
      >
        <span
          style="box-sizing: border-box; display: inline-block; overflow: hidden; background: none; opacity: 1; border: 0px; margin: 0px; padding: 0px; position: relative; max-width: 100%;"
        >
          <span
            style="box-sizing: border-box; display: block; background: none; opacity: 1; border: 0px; margin: 0px; padding: 0px; max-width: 100%;"
          >
            <img
              alt=""
              aria-hidden="true"
              src="data:image/svg+xml,%3csvg%20xmlns=%27http://www.w3.org/2000/svg%27%20version=%271.1%27%20width=%27200%27%20height=%27200%27/%3e"
              style="display: block; max-width: 100%; background: none; opacity: 1; border: 0px; margin: 0px; padding: 0px;"
            />
          </span>
          <img
            alt=""
            data-nimg="intrinsic"
            decoding="async"
            src="data:image/gif;base64,R0lGODlhAQABAIAAAAAAAP///yH5BAEAAAAALAAAAAABAAEAAAIBRAA7"
            style="position: absolute; top: 0px; left: 0px; bottom: 0px; right: 0px; box-sizing: border-box; padding: 0px; margin: auto; display: block; width: 0px; height: 0px; min-width: 100%; max-width: 100%; min-height: 100%; max-height: 100%; object-fit: contain;"
          />
          <noscript />
        </span>
        <span
          style="box-sizing: border-box; display: inline-block; overflow: hidden; background: none; opacity: 1; border: 0px; margin: 0px; padding: 0px; position: relative; max-width: 100%;"
        >
          <span
            style="box-sizing: border-box; display: block; background: none; opacity: 1; border: 0px; margin: 0px; padding: 0px; max-width: 100%;"
          >
            <img
              alt=""
              aria-hidden="true"
              src="data:image/svg+xml,%3csvg%20xmlns=%27http://www.w3.org/2000/svg%27%20version=%271.1%27%20width=%2780%27%20height=%2780%27/%3e"
              style="display: block; max-width: 100%; background: none; opacity: 1; border: 0px; margin: 0px; padding: 0px;"
            />
          </span>
          <img
            alt=""
            data-nimg="intrinsic"
            decoding="async"
            src="data:image/gif;base64,R0lGODlhAQABAIAAAAAAAP///yH5BAEAAAAALAAAAAABAAEAAAIBRAA7"
            style="position: absolute; top: 0px; left: 0px; bottom: 0px; right: 0px; box-sizing: border-box; padding: 0px; margin: auto; display: block; width: 0px; height: 0px; min-width: 100%; max-width: 100%; min-height: 100%; max-height: 100%; object-fit: contain;"
          />
          <noscript />
        </span>
        <ul>
          <li>
            勉強が趣味
          </li>
          <li>
            教えるの好き
          </li>
          <li>
            オンライン学習塾で５画面を操り指導(自称：職人)
          </li>
          <li>
            元教員・介護士
          </li>
          <li>
            家の中では無限大
          </li>
        </ul>
      </div>
      <h3>
        Study TimeLine
      </h3>
      <hr />
      <iframe
        height="400"
        src="https://notion2charts.com/embed/bad01964-6bce-4f62-bc9d-1d2899652ed6"
        width="100%"
      />
      <div
        class="blogPostLink"
      >
        <h3>
          Recommended
        </h3>
        <hr />
        <div
          class="noContents"
        >
          There are no contents yet
        </div>
      </div>
      <div
        class="twitterTimeline"
      >
        <h3>
          Twitter Timeline
        </h3>
        <hr />
        <p>
          フォロー大歓迎＼(^o^)／
        </p>
        <a
          class="twitter-timeline"
          data-chrome="nofooter,transparent,noheader"
          data-height="500"
          data-lang="en"
          data-theme="light"
          data-width="500"
          href="https://twitter.com/mineral_30?ref_src=twsrc%5Etfw"
        >
          Tweets by mineral_30
        </a>
         
        <script
          async=""
          src="https://platform.twitter.com/widgets.js"
        />
      </div>
    </div>
  </div>
</div>
`;
